// Jest Snapshot v1, https://goo.gl/fbAQLP

exports[`App snapshot test 1`] = `
<div
  className="App"
>
  <header
    className="App-header"
  >
    <form
      onSubmit={[Function]}
    >
      <input
        onChange={[Function]}
        type="text"
      />
      <button>
        Send Ref
      </button>
    </form>
    <h3>
      My app
    </h3>
    <div>
      No
    </div>
    Learn react
  </header>
</div>
`;
